[DDP] Initialized with 4 GPUs
[DDP] Backend: nccl
[DDP] Timeout: 60 minutes
[save] wrote config to runs/ddp_4gpu_allmini/config_used.yaml
Device: cuda:0 | dtype: bf16
[DDP] Rank 0/4, GPU 0
Loaded rows: 6,043 from ../data/processed/train.tsv
Split train/dev = 5,439 / 604 (val_ratio=0.1)
[Rank 0] Loading tokenizer...
[Rank 0] Tokenizer loaded
[Rank 0] Creating dataset...
[Rank 0] Creating DistributedSampler...
[Rank 0] Creating DataLoader...
[Rank 0] DataLoader created
[Rank 0] Creating LongMatrixModel...
[Rank 0] Model created and moved to device
[Rank 0] GPU 0 memory: 0.14GB allocated, 0.15GB reserved
[Rank 0] Wrapping model with DDP (no manual barrier)...
[Rank 0] Creating DDP wrapper (device_ids=[0])...
[Rank 0] Model parameters: 36,242,817
[Rank 0] CUDA synchronized successfully
[Rank 0] Calling DDP constructor...
NCCL version 2.21.5+cuda12.4
