Loaded rows: 6,043 from ../data/processed/train.tsv
Split train/dev = 5,439 / 604 (val_ratio=0.1)
[Rank 2] Loading tokenizer...
[Rank 2] Tokenizer loaded
[Rank 2] Creating dataset...
[Rank 2] Creating DistributedSampler...
[Rank 2] Creating DataLoader...
[Rank 2] DataLoader created
[Rank 2] Creating LongMatrixModel...
[Rank 2] Model created and moved to device
[Rank 2] GPU 2 memory: 0.14GB allocated, 0.15GB reserved
[Rank 2] Wrapping model with DDP (no manual barrier)...
[Rank 2] Creating DDP wrapper (device_ids=[2])...
[Rank 2] Model parameters: 36,242,817
[Rank 2] CUDA synchronized successfully
[Rank 2] Testing NCCL with barrier...

instance-20251113-174138:8961:9009 [2] /nccl-shim/src/guest_config_checker.cc:101 NCCL WARN NCCL/NET (shim) mismatch recommended: NCCL_P2P_LEVEL=NVL (expected unset)

instance-20251113-174138:8961:9009 [2] /nccl-shim/src/guest_config_checker.cc:101 NCCL WARN NCCL/NET (shim) mismatch recommended: NCCL_SHM_DISABLE=0 (expected unset)

instance-20251113-174138:8961:9009 [2] /nccl-shim/src/guest_config_checker.cc:101 NCCL WARN NCCL/NET (shim) mismatch recommended: NCCL_IB_DISABLE=1 (expected unset)

instance-20251113-174138:8961:9009 [2] /nccl-shim/src/guest_config_checker.cc:101 NCCL WARN NCCL/NET (shim) mismatch recommended: NCCL_SOCKET_IFNAME=lo (expected unset)
