Loaded rows: 6,043 from ../data/processed/train.tsv
Split train/dev = 5,439 / 604 (val_ratio=0.1)
[Rank 3] Loading tokenizer...
[Rank 3] Tokenizer loaded
[Rank 3] Creating dataset...
[Rank 3] Creating DistributedSampler...
[Rank 3] Creating DataLoader...
[Rank 3] DataLoader created
[Rank 3] Creating LongMatrixModel...
[Rank 3] Model created and moved to device
[Rank 3] GPU 3 memory: 0.14GB allocated, 0.15GB reserved
[Rank 3] Wrapping model with DDP (no manual barrier)...
[Rank 3] Creating DDP wrapper (device_ids=[3])...
[Rank 3] Model parameters: 36,242,817
[Rank 3] CUDA synchronized successfully
[Rank 3] Testing NCCL with barrier...

instance-20251113-174138:8962:9008 [3] /nccl-shim/src/guest_config_checker.cc:101 NCCL WARN NCCL/NET (shim) mismatch recommended: NCCL_P2P_LEVEL=NVL (expected unset)

instance-20251113-174138:8962:9008 [3] /nccl-shim/src/guest_config_checker.cc:101 NCCL WARN NCCL/NET (shim) mismatch recommended: NCCL_SHM_DISABLE=0 (expected unset)

instance-20251113-174138:8962:9008 [3] /nccl-shim/src/guest_config_checker.cc:101 NCCL WARN NCCL/NET (shim) mismatch recommended: NCCL_IB_DISABLE=1 (expected unset)

instance-20251113-174138:8962:9008 [3] /nccl-shim/src/guest_config_checker.cc:101 NCCL WARN NCCL/NET (shim) mismatch recommended: NCCL_SOCKET_IFNAME=lo (expected unset)
